// Jest Snapshot v1, https://goo.gl/fbAQLP

exports[`PageTwoComponent should match snapshot 1`] = `
<cnx-page-two
  age$="undefined"
  facade={[Function Function]}
  password$="undefined"
  userInformation$="undefined"
  username$="undefined"
>
  <div
    class="alert alert-success"
    role="alert"
  >
     User Information Recap
  
  </div><div>
     Direct username value : 
    <span
      class="badge badge-primary"
    >
      
    </span>
  </div><div>
     Direct password value : 
    <span
      class="badge badge-secondary"
    >
      
    </span>
  </div><div>
     Direct age value : 
    <span
      class="badge badge-success"
    >
      
    </span>
  </div><div>
    <p>
      All the user information from the state at once :
    </p>
    <p>
      <span
        class="badge badge-info"
      >
        null
      </span>
    </p>
  </div><div>
    <button
      class="btn btn-success"
      type="button"
    >
       Go to page one 
    </button>
  </div>
</cnx-page-two>
`;
