// Jest Snapshot v1, https://goo.gl/fbAQLP

exports[`PageOneComponent #buildValidationErrors should build validationErrorMessages 1`] = `
Object {
  "age": Object {
    "max": [Function],
    "min": [Function],
    "pattern": "Should be an integer",
    "required": "Required input",
  },
  "password": Object {
    "beginsWith": [Function],
    "minlength": "The minimal length is 8",
    "required": "Required input",
  },
  "username": Object {
    "contains": "Must contain ngx",
    "pattern": "Invalid input",
    "required": "Required input",
  },
}
`;

exports[`PageOneComponent should match snapshot 1`] = `
<cnx-page-one
  age={[Function FormControl]}
  ageSubject={[Function Subject]}
  buildValidationErrors={[Function Function]}
  commonValidationMessages={[Function CommonValidationMessagesService]}
  connectionService={[Function ConnectionService]}
  display={[Function String]}
  facade={[Function Function]}
  form={[Function FormGroup]}
  formBuilder={[Function FormBuilder]}
  formErrors={[Function Object]}
  initAgeSubject={[Function Function]}
  initErrorsListener={[Function Function]}
  initForm={[Function Function]}
  initFormControls={[Function Function]}
  initPasswordSubject={[Function Function]}
  initSubjects={[Function Function]}
  initUsernameSubject={[Function Function]}
  isFormSubmittedSuccessfully="false"
  ngOnInit={[Function Function]}
  password={[Function FormControl]}
  passwordSubject={[Function Subject]}
  pwdSuffix={[Function String]}
  subscriptions={[Function Subscription]}
  username={[Function FormControl]}
  usernameContent={[Function String]}
  usernameSubject={[Function Subject]}
  validationErrorMessages={[Function Object]}
>
  <div
    class="alert alert-primary"
    role="alert"
  >
     Page One testing
  
  </div><form
    class="ng-untouched ng-pristine ng-invalid"
    ng-reflect-form="[object Object]"
    novalidate=""
  >
    <div
      class="input-group mb-3"
    >
      <div
        class="input-group-prepend"
      >
        <span
          class="input-group-text"
          id="basic-addon1"
        >
          @
        </span>
      </div>
      <input
        aria-describedby="basic-addon1"
        aria-label="Username"
        class="form-control ng-untouched ng-pristine ng-invalid"
        formcontrolname="username"
        id="username"
        ng-reflect-name="username"
        placeholder="Username"
        type="text"
      />
    </div>
    
    <div
      class="input-group mb-3"
    >
      <input
        aria-describedby="basic-addon1"
        aria-label="Password"
        class="form-control ng-untouched ng-pristine ng-invalid"
        formcontrolname="password"
        id="password"
        ng-reflect-name="password"
        placeholder="Password"
        type="password"
      />
    </div>
    
    <div
      class="input-group mb-3"
    >
      <input
        aria-describedby="basic-addon1"
        aria-label="Age"
        class="form-control ng-untouched ng-pristine ng-invalid"
        formcontrolname="age"
        id="age"
        ng-reflect-name="age"
        placeholder="Age"
        type="text"
      />
    </div>
    
    <button
      class="btn btn-primary"
      id="submit"
      type="submit"
    >
      Submit
    </button>
  </form><p>
    Just to make sure cnx-styles is working
  </p><div>
    <button
      class="btn btn-success"
      type="button"
    >
      Go to page two (with information from store)
    </button>
  </div>
</cnx-page-one>
`;
