// Jest Snapshot v1, https://goo.gl/fbAQLP

exports[`PageOneComponent #buildValidationErrors should build validationErrorMessages 1`] = `
Object {
  "age": Object {
    "max": [Function],
    "min": [Function],
    "pattern": "common.validators.numbers.integer.pattern",
    "required": "common.validators.required",
  },
  "password": Object {
    "beginsWith": [Function],
    "minlength": "common.validators.length.min",
    "required": "common.validators.required",
  },
  "username": Object {
    "contains": "usernameValidatorsMessagesService contains",
    "pattern": "common.validators.invalid",
    "required": "common.validators.required",
  },
}
`;

exports[`PageOneComponent should match snapshot 1`] = `
<cnx-page-one
  age={[Function FormControl]}
  ageSubject={[Function Subject]}
  buildValidationErrors={[Function Function]}
  commonValidationMessages={[Function CommonValidationMessagesService]}
  connectionService={[Function ConnectionService]}
  display={[Function String]}
  facade={[Function Function]}
  form={[Function FormGroup]}
  formBuilder={[Function FormBuilder]}
  formErrors={[Function Object]}
  initAgeSubject={[Function Function]}
  initErrorsListener={[Function Function]}
  initForm={[Function Function]}
  initFormControls={[Function Function]}
  initPasswordSubject={[Function Function]}
  initSubjects={[Function Function]}
  initUsernameSubject={[Function Function]}
  isFormSubmittedSuccessfully="false"
  ngOnInit={[Function Function]}
  password={[Function FormControl]}
  passwordSubject={[Function Subject]}
  passwordValidatorsMessagesService={[Function Object]}
  pwdSuffix={[Function String]}
  subscriptions={[Function Subscription]}
  username={[Function FormControl]}
  usernameContent={[Function String]}
  usernameSubject={[Function Subject]}
  usernameValidatorsMessagesService={[Function Object]}
  validationErrorMessages={[Function Object]}
>
  <div
    class="alert alert-primary"
    role="alert"
  >
     cnx.page_one.title
  
  </div><form
    class="ng-untouched ng-pristine ng-invalid"
    ng-reflect-form="[object Object]"
    novalidate=""
  >
    <div
      class="input-group mb-3"
    >
      <div
        class="input-group-prepend"
      >
        <span
          class="input-group-text"
          id="basic-addon1"
        >
          @
        </span>
      </div>
      <input
        aria-describedby="basic-addon1"
        aria-label="Username"
        class="form-control ng-untouched ng-pristine ng-invalid"
        formcontrolname="username"
        id="username"
        ng-reflect-name="username"
        placeholder="cnx.page_one.form.username"
        type="text"
      />
    </div>
    
    <div
      class="input-group mb-3"
    >
      <input
        aria-describedby="basic-addon1"
        aria-label="Password"
        class="form-control ng-untouched ng-pristine ng-invalid"
        formcontrolname="password"
        id="password"
        ng-reflect-name="password"
        placeholder="cnx.page_one.form.password"
        type="password"
      />
    </div>
    
    <div
      class="input-group mb-3"
    >
      <input
        aria-describedby="basic-addon1"
        aria-label="Age"
        class="form-control ng-untouched ng-pristine ng-invalid"
        formcontrolname="age"
        id="age"
        ng-reflect-name="age"
        placeholder="cnx.page_one.form.age"
        type="text"
      />
    </div>
    
    <button
      class="btn btn-primary"
      id="submit"
      type="submit"
    >
       common.buttons.submit 
    </button>
  </form><p>
    cnx.page_one.messages.information_text
  </p><div>
    <button
      class="btn btn-success"
      type="button"
    >
       cnx.page_one.buttons.go_to_page_2 
    </button>
  </div>
</cnx-page-one>
`;
