// Jest Snapshot v1, https://goo.gl/fbAQLP

exports[`PasswordValidatorsMessages #beginsWith should match snapshot when value inquired 1`] = `"my-value must begin with my-prefix"`;

exports[`PasswordValidatorsMessages #beginsWith should match snapshot when value not inquired 1`] = `"Must begin with my-prefix"`;
