// Jest Snapshot v1, https://goo.gl/fbAQLP

exports[`WelcomeComponent should match snapshot 1`] = `
<app-welcome
  env="false"
  store={[Function Function]}
  subscriptions={[Function Subscription]}
  title={[Function String]}
  translateService={[Function TranslateService]}
>
  <div
    style="text-align:center"
  >
    <h1
      ng-reflect-translate="app.env_message"
      ng-reflect-translate-params="[object Object]"
    >
      Production environment : false
    </h1>
    <h1>
       Welcome to Angular Best Practices Example! 
    </h1>
  </div><button
    class="btn btn-primary"
    type="button"
  >
     Go to page one
  
  </button>
</app-welcome>
`;
